// Jest Snapshot v1, https://goo.gl/fbAQLP

exports[`Carousel Component handles empty children 1`] = `
<div
  dir="ltr"
>
  <button
    aria-label="Previous slide"
    disabled=""
  >
    ←
  </button>
  <div>
    <div
      style="transform: translate3d(0px, 0, 0); transition: none; width: auto;"
    />
  </div>
  <button
    aria-label="Next slide"
    disabled=""
  >
    →
  </button>
</div>
`;
